// Jest Snapshot v1, https://goo.gl/fbAQLP

exports[`<Button /> matches snapshot 1`] = `
<div>
  <button
    class="sc-hKgJUU kstYDR"
    type="button"
  >
    test
  </button>
</div>
`;
